// Jest Snapshot v1, https://goo.gl/fbAQLP

exports[`renders Notification Component 1`] = `
<View
  style={
    Object {
      "alignItems": "center",
      "backgroundColor": "red",
      "height": 64,
      "justifyContent": "center",
      "left": 0,
      "opacity": 0,
      "padding": 5,
      "paddingTop": 20,
      "position": "absolute",
      "top": 0,
      "width": 750,
      "zIndex": 10000,
    }
  }
>
  <View
    accessibilityComponentType={undefined}
    accessibilityLabel={undefined}
    accessibilityTraits={undefined}
    accessible={true}
    hasTVPreferredFocus={undefined}
    hitSlop={undefined}
    isTVSelectable={true}
    onLayout={undefined}
    onResponderGrant={[Function]}
    onResponderMove={[Function]}
    onResponderRelease={[Function]}
    onResponderTerminate={[Function]}
    onResponderTerminationRequest={[Function]}
    onStartShouldSetResponder={[Function]}
    style={
      Array [
        Object {
          "backgroundColor": "transparent",
        },
        undefined,
      ]
    }
    testID={undefined}
    tvParallaxProperties={undefined}
  >
    <Text
      accessible={true}
      allowFontScaling={true}
      ellipsizeMode="tail"
      style={
        Object {
          "color": "rgba(255, 255, 255, .8)",
          "fontSize": 15,
        }
      }
    >
      error message
    </Text>
  </View>
</View>
`;
